Command: C:\Espressif\python_env\idf5.5_py3.11_env\Scripts\python.exe C:\Espressif\frameworks\esp-idf-v5.5.2\tools/idf_monitor.py -p COM4 -b 115200 --toolchain-prefix xtensa-esp32s3-elf- --target esp32s3 --revision 0 C:\Users\jakep\Documents\ESP32\robot_gateway\build\lora_rx_print.elf C:\Users\jakep\Documents\ESP32\robot_gateway\build\bootloader\bootloader.elf --force-color -m 'C:\Espressif\python_env\idf5.5_py3.11_env\Scripts\python.exe' 'C:\Espressif\frameworks\esp-idf-v5.5.2\tools\idf.py' '-p' 'COM4'
*��͕�block revisi�ESP-ROM:esp32s3-20210327
Build:Mar 27 2021
rst:0x1 (POWERON),boot:0x28 (SPI_FAST_FLASH_BOOT)
SPIWP:0xee
mode:DIO, clock div:1
load:0x3fce2820,len:0x158c
load:0x403c8700,len:0xd24
load:0x403cb700,len:0x2f34
entry 0x403c8924
I (24) boot: ESP-IDF v5.5.2 2nd stage bootloader
I (25) boot: compile time Mar  3 2026 16:39:48
I (25) boot: Multicore bootloader
I (25) boot: chip revision: v0.2
I (28) boot: efuse block revision: v1.3
I (31) boot.esp32s3: Boot SPI Speed : 80MHz
I (35) boot.esp32s3: SPI Mode       : DIO
I (39) boot.esp32s3: SPI Flash Size : 2MB
I (43) boot: Enabling RNG early entropy source...
I (47) boot: Partition Table:
[0;32mI (50) boot: ## Label            Usage          Type ST Offset   Length[0m
[0;32mI (56) boot:  0 nvs              WiFi data        01 02 00009000 00006000[0m
[0;32mI (63) boot:  1 phy_init         RF data          01 01 0000f000 00001000[0m
[0;32mI (69) boot:  2 factory          factory app      00 00 00010000 00100000[0m
[0;32mI (76) boot: End of partition table[0m
[0;32mI (79) esp_image: segment 0: paddr=00010020 vaddr=3c020020 size=0dae4h ( 56036) map[0m
[0;32mI (96) esp_image: segment 1: paddr=0001db0c vaddr=3fc95600 size=0250ch (  9484) load[0m
[0;32mI (99) esp_image: segment 2: paddr=00020020 vaddr=42000020 size=1e684h (124548) map[0m
[0;32mI (123) esp_image: segment 3: paddr=0003e6ac vaddr=3fc97b0c size=006dch (  1756) load[0m
[0;32mI (124) esp_image: segment 4: paddr=0003ed90 vaddr=40374000 size=11570h ( 71024) load[0m
[0;32mI (142) esp_image: segment 5: paddr=00050308 vaddr=50000000 size=00020h (    32) load[0m
[0;32mI (149) boot: Loaded app from partition at offset 0x10000[0m
[0;32mI (150) boot: Disabling RNG early entropy source...[0m
[0;32mI (160) cpu_start: Multicore app[0m
[0;32mI (169) cpu_start: GPIO 44 and 43 are used as console UART I/O pins[0m
[0;32mI (169) cpu_start: Pro cpu start user code[0m
[0;32mI (169) cpu_start: cpu freq: 160000000 Hz[0m
[0;32mI (171) app_init: Application information:[0m
[0;32mI (175) app_init: Project name:     lora_rx_print[0m
[0;32mI (179) app_init: App version:      1[0m
[0;32mI (183) app_init: Compile time:     Mar  3 2026 16:30:25[0m
[0;32mI (188) app_init: ELF file SHA256:  10360bab0...[0m
[0;32mI (192) app_init: ESP-IDF:          v5.5.2[0m
[0;32mI (196) efuse_init: Min chip rev:     v0.0[0m
[0;32mI (200) efuse_init: Max chip rev:     v0.99 [0m
[0;32mI (204) efuse_init: Chip rev:         v0.2[0m
[0;32mI (207) heap_init: Initializing. RAM available for dynamic allocation:[0m
[0;32mI (214) heap_init: At 3FC98B28 len 00050BE8 (322 KiB): RAM[0m
[0;32mI (219) heap_init: At 3FCE9710 len 00005724 (21 KiB): RAM[0m
[0;32mI (224) heap_init: At 3FCF0000 len 00008000 (32 KiB): DRAM[0m
[0;32mI (229) heap_init: At 600FE000 len 00001FE8 (7 KiB): RTCRAM[0m
[0;32mI (235) spi_flash: detected chip: gd[0m
[0;32mI (238) spi_flash: flash io: dio[0m
[0;33mW (241) spi_flash: Detected size(8192k) larger than the size in the binary image header(2048k). Using the size in the binary image header.[0m
[0;32mI (253) sleep_gpio: Configure to isolate all GPIO pins in sleep state[0m
[0;32mI (259) sleep_gpio: Enable automatic switching of GPIO sleep configuration[0m
[0;32mI (266) main_task: Started on CPU0[0m
[0;32mI (286) main_task: Calling app_main()[0m
[0;32mI (286) ROBOT_GW: UART ready: UART1 TX=3 RX=4 @ 115200[0m
[0;32mI (286) ROBOT_GW: LoRaInit...[0m
[0;32mI (286) RA01S: CONFIG_MISO_GPIO=11[0m
[0;32mI (286) RA01S: CONFIG_MOSI_GPIO=10[0m
[0;32mI (296) RA01S: CONFIG_SCLK_GPIO=9[0m
[0;32mI (296) RA01S: CONFIG_NSS_GPIO=8[0m
[0;32mI (296) RA01S: CONFIG_RST_GPIO=12[0m
[0;32mI (306) RA01S: CONFIG_BUSY_GPIO=13[0m
[0;32mI (306) RA01S: CONFIG_TXEN_GPIO=-1[0m
[0;32mI (306) RA01S: CONFIG_RXEN_GPIO=-1[0m
[0;32mI (316) RA01S: spi_bus_initialize=0[0m
[0;32mI (316) RA01S: spi_bus_add_device=0[0m
[0;32mI (356) RA01S: syncWord=0x1424[0m
[0;32mI (356) RA01S: SX126x installed[0m
[0;33mW (356) RA01S: WriteCommand2 status=0a retry=1[0m
[0;32mI (356) RA01S: tcxoVoltage=3.300000[0m
[0;32mI (376) RA01S: useRegulatorLDO=1[0m
[0;32mI (396) RA01S: SetStopRxTimerOnPreambleDetect enable=0[0m
[0;32mI (436) ROBOT_GW: LoRa ready @ 915000000 Hz[0m
[0;32mI (436) ROBOT_GW: Robot gateway running: LoRa <-> UART bridge active[0m
[0;32mI (436) main_task: Returned from app_main()[0m
[0;32mI (191826) ROBOT_GW: LoRa RX (7): forward[0m
[0;32mI (191826) ROBOT_GW: UART TX -> STM32: CMD:forward[0m

[0;32mI (576356) ROBOT_GW: UART RX <- STM32: [0m
[0;32mI (930206) ROBOT_GW: LoRa RX (4): stop[0m
[0;32mI (930206) ROBOT_GW: UART TX -> STM32: CMD:stop[0m

[0;32mI (1074296) ROBOT_GW: UART RX <- STM32: [0m
[0;32mI (1267466) ROBOT_GW: UART RX <- STM32: �|�[0m

assert failed: spi_device_transmit spi_master.c:1330 (ret_trans == trans_desc)


Backtrace: 0x4037b451:0x3fceb420 0x4037b419:0x3fceb440 0x40382ee5:0x3fceb460 0x420119fd:0x3fceb580 0x4200bf3d:0x3fceb5b0 0x4200c9c6:0x3fceb600 0x4200cc61:0x3fceb630 0x4200ce8e:0x3fceb660 0x4200ba89:0x3fceb680 0x4037c0d5:0x3fceb900




Backtrace: 0x4037b451:0x3fcec2a0 0x4037b419:0x3fcec2c0 0x40382ee5:0x3fcec2e0 0x420119fd:0x3fcec400 0x4200bf3d:0x3fcec430 0x4200c3a5:0x3fcec480 0x4200c402:0x3fcec4b0 0x4200c975:0x3fcec4e0 0x4200ccac:0x3fcec510 0x4200b9df:0x3fcec530 0x4200ba4d:0x3fcec550 0x4037c0d5:0x3fceca70




ELF file SHA256: 10360bab0

Rebooting...
���ESP-ROM:esp32s3-20210327
Build:Mar 27 2021
rst:0xc (RTC_SW_CPU_RST),boot:0x28 (SPI_FAST_FLASH_BOOT)
Saved PC:0x420027f4
SPIWP:0xee
mode:DIO, clock div:1
load:0x3fce2820,len:0x158c
load:0x403c8700,len:0xd24
load:0x403cb700,len:0x2f34
entry 0x403c8924
[0;32mI (29) boot: ESP-IDF v5.5.2 2nd stage bootloader[0m
[0;32mI (29) boot: compile time Mar  3 2026 16:39:48[0m
[0;32mI (29) boot: Multicore bootloader[0m
[0;32mI (29) boot: chip revision: v0.2[0m
[0;32mI (32) boot: efuse block revision: v1.3[0m
[0;32mI (36) boot.esp32s3: Boot SPI Speed : 80MHz[0m
[0;32mI (40) boot.esp32s3: SPI Mode       : DIO[0m
[0;32mI (43) boot.esp32s3: SPI Flash Size : 2MB[0m
[0;32mI (47) boot: Enabling RNG early entropy source...[0m
[0;32mI (52) boot: Partition Table:[0m
[0;32mI (54) boot: ## Label            Usage          Type ST Offset   Length[0m
[0;32mI (61) boot:  0 nvs              WiFi data        01 02 00009000 00006000[0m
[0;32mI (67) boot:  1 phy_init         RF data          01 01 0000f000 00001000[0m
[0;32mI (74) boot:  2 factory          factory app      00 00 00010000 00100000[0m
[0;32mI (80) boot: End of partition table[0m
[0;32mI (83) esp_image: segment 0: paddr=00010020 vaddr=3c020020 size=0dae4h ( 56036) map[0m
[0;32mI (101) esp_image: segment 1: paddr=0001db0c vaddr=3fc95600 size=0250ch (  9484) load[0m
[0;32mI (103) esp_image: segment 2: paddr=00020020 vaddr=42000020 size=1e684h (124548) map[0m
[0;32mI (128) esp_image: segment 3: paddr=0003e6ac vaddr=3fc97b0c size=006dch (  1756) load[0m
[0;32mI (129) esp_image: segment 4: paddr=0003ed90 vaddr=40374000 size=11570h ( 71024) load[0m
[0;32mI (147) esp_image: segment 5: paddr=00050308 vaddr=50000000 size=00020h (    32) load[0m
[0;32mI (154) boot: Loaded app from partition at offset 0x10000[0m
[0;32mI (154) boot: Disabling RNG early entropy source...[0m
[0;32mI (165) cpu_start: Multicore app[0m
[0;32mI (173) cpu_start: GPIO 44 and 43 are used as console UART I/O pins[0m
[0;32mI (174) cpu_start: Pro cpu start user code[0m
[0;32mI (174) cpu_start: cpu freq: 160000000 Hz[0m
[0;32mI (176) app_init: Application information:[0m
[0;32mI (179) app_init: Project name:     lora_rx_print[0m
[0;32mI (184) app_init: App version:      1[0m
[0;32mI (187) app_init: Compile time:     Mar  3 2026 16:30:25[0m
[0;32mI (192) app_init: ELF file SHA256:  10360bab0...[0m
[0;32mI (197) app_init: ESP-IDF:          v5.5.2[0m
[0;32mI (200) efuse_init: Min chip rev:     v0.0[0m
[0;32mI (204) efuse_init: Max chip rev:     v0.99 [0m
[0;32mI (208) efuse_init: Chip rev:         v0.2[0m
[0;32mI (212) heap_init: Initializing. RAM available for dynamic allocation:[0m
[0;32mI (218) heap_init: At 3FC98B28 len 00050BE8 (322 KiB): RAM[0m
[0;32mI (224) heap_init: At 3FCE9710 len 00005724 (21 KiB): RAM[0m
[0;32mI (229) heap_init: At 3FCF0000 len 00008000 (32 KiB): DRAM[0m
[0;32mI (234) heap_init: At 600FE000 len 00001FE8 (7 KiB): RTCRAM[0m
[0;32mI (240) spi_flash: detected chip: gd[0m
[0;32mI (242) spi_flash: flash io: dio[0m
[0;33mW (245) spi_flash: Detected size(8192k) larger than the size in the binary image header(2048k). Using the size in the binary image header.[0m
[0;32mI (258) sleep_gpio: Configure to isolate all GPIO pins in sleep state[0m
[0;32mI (264) sleep_gpio: Enable automatic switching of GPIO sleep configuration[0m
[0;32mI (271) main_task: Started on CPU0[0m
[0;32mI (291) main_task: Calling app_main()[0m
[0;32mI (291) ROBOT_GW: UART ready: UART1 TX=3 RX=4 @ 115200[0m
[0;32mI (291) ROBOT_GW: LoRaInit...[0m
[0;32mI (291) RA01S: CONFIG_MISO_GPIO=11[0m
[0;32mI (291) RA01S: CONFIG_MOSI_GPIO=10[0m
[0;32mI (301) RA01S: CONFIG_SCLK_GPIO=9[0m
[0;32mI (301) RA01S: CONFIG_NSS_GPIO=8[0m
[0;32mI (301) RA01S: CONFIG_RST_GPIO=12[0m
[0;32mI (311) RA01S: CONFIG_BUSY_GPIO=13[0m
[0;32mI (311) RA01S: CONFIG_TXEN_GPIO=-1[0m
[0;32mI (311) RA01S: CONFIG_RXEN_GPIO=-1[0m
[0;32mI (321) RA01S: spi_bus_initialize=0[0m
[0;32mI (321) RA01S: spi_bus_add_device=0[0m
[0;32mI (361) RA01S: syncWord=0x1424[0m
[0;32mI (361) RA01S: SX126x installed[0m
[0;33mW (361) RA01S: WriteCommand2 status=0a retry=1[0m
[0;32mI (361) RA01S: tcxoVoltage=3.300000[0m
[0;32mI (381) RA01S: useRegulatorLDO=1[0m
[0;32mI (401) RA01S: SetStopRxTimerOnPreambleDetect enable=0[0m
[0;32mI (441) ROBOT_GW: LoRa ready @ 915000000 Hz[0m
[0;32mI (441) ROBOT_GW: Robot gateway running: LoRa <-> UART bridge active[0m
[0;32mI (441) main_task: Returned from app_main()[0m
[0;32mI (88811) ROBOT_GW: LoRa RX (7): forward[0m
[0;32mI (88811) ROBOT_GW: UART TX -> STM32: CMD:forward[0m

[0;32mI (1053151) ROBOT_GW: LoRa RX (7): forward[0m
[0;32mI (1053151) ROBOT_GW: UART TX -> STM32: CMD:forward[0m

[0;32mI (1102451) ROBOT_GW: LoRa RX (7): forward[0m
[0;32mI (1102451) ROBOT_GW: UART TX -> STM32: CMD:forward[0m

[0;32mI (1466691) ROBOT_GW: LoRa RX (7): forward[0m
[0;32mI (1466691) ROBOT_GW: UART TX -> STM32: CMD:forward[0m

[0;32mI (1774161) ROBOT_GW: LoRa RX (7): forward[0m
[0;32mI (1774161) ROBOT_GW: UART TX -> STM32: CMD:forward[0m

[0;32mI (1893001) ROBOT_GW: LoRa RX (7): forward[0m
[0;32mI (1893001) ROBOT_GW: UART TX -> STM32: CMD:forward[0m

[0;32mI (1901151) ROBOT_GW: LoRa RX (7): forward[0m
[0;32mI (1901151) ROBOT_GW: UART TX -> STM32: CMD:forward[0m

[0;32mI (1928011) ROBOT_GW: LoRa RX (7): forward[0m
[0;32mI (1928011) ROBOT_GW: UART TX -> STM32: CMD:forward[0m

[0;32mI (1968791) ROBOT_GW: LoRa RX (7): forward[0m
[0;32mI (1968791) ROBOT_GW: UART TX -> STM32: CMD:forward[0m

[0;32mI (1995361) ROBOT_GW: LoRa RX (7): forward[0m
[0;32mI (1995361) ROBOT_GW: UART TX -> STM32: CMD:forward[0m

[0;32mI (2219971) ROBOT_GW: LoRa RX (7): forward[0m
[0;32mI (2219971) ROBOT_GW: UART TX -> STM32: CMD:forward[0m

[0;32mI (2515691) ROBOT_GW: LoRa RX (7): forward[0m
[0;32mI (2515691) ROBOT_GW: UART TX -> STM32: CMD:forward[0m

[0;32mI (2562761) ROBOT_GW: UART RX <- STM32: [0m
[0;32mI (2563261) ROBOT_GW: LoRa RX (7): forward[0m
[0;32mI (2563261) ROBOT_GW: UART TX -> STM32: CMD:forward[0m

[0;32mI (2585861) ROBOT_GW: LoRa RX (7): forward[0m
[0;32mI (2585861) ROBOT_GW: UART TX -> STM32: CMD:forward[0m

[0;32mI (2592641) ROBOT_GW: LoRa RX (7): forward[0m
[0;32mI (2592641) ROBOT_GW: UART TX -> STM32: CMD:forward[0m

[0;32mI (2610681) ROBOT_GW: UART RX <- STM32: [0m
[0;32mI (2610681) ROBOT_GW: UART RX <- STM32: �T�<��___YS)[0m

assert failed: spi_device_transmit spi_master.c:1330 (ret_trans == trans_desc)


Backtrace: 0x4037b451:0x3fceb420 0x4037b419:0x3fceb440 0x40382ee5:0x3fceb460 0x420119fd:0x3fceb580 0x4200bf3d:0x3fceb5b0 0x4200c9c6:0x3fceb600 0x4200cc61:0x3fceb630 0x4200ce8e:0x3fceb660 0x4200ba89:0x3fceb680 0x4037c0d5:0x3fceb900




Backtrace: 0x4037b451:0x3fcec2a0 0x4037b419:0x3fcec2c0 0x40382ee5:0x3fcec2e0 0x420119fd:0x3fcec400 0x4200bf3d:0x3fcec430 0x4200c3a5:0x3fcec480 0x4200c402:0x3fcec4b0 0x4200c975:0x3fcec4e0 0x4200ccac:0x3fcec510 0x4200b9df:0x3fcec530 0x4200ba4d:0x3fcec550 0x4037c0d5:0x3fceca70




ELF file SHA256: 10360bab0

Rebooting...
ESP-ROM:esp32s3-20210327
Build:Mar 27 2021
rst:0xc (RTC_SW_CPU_RST),boot:0x28 (SPI_FAST_FLASH_BOOT)
Saved PC:0x420027f4
SPIWP:0xee
mode:DIO, clock div:1
load:0x3fce2820,len:0x158c
load:0x403c8700,len:0xd24
load:0x403cb700,len:0x2f34
entry 0x403c8924
[0;32mI (29) boot: ESP-IDF v5.5.2 2nd stage bootloader[0m
[0;32mI (29) boot: compile time Mar  3 2026 16:39:48[0m
[0;32mI (29) boot: Multicore bootloader[0m
[0;32mI (29) boot: chip revision: v0.2[0m
[0;32mI (32) boot: efuse block revision: v1.3[0m
[0;32mI (36) boot.esp32s3: Boot SPI Speed : 80MHz[0m
[0;32mI (40) boot.esp32s3: SPI Mode       : DIO[0m
[0;32mI (43) boot.esp32s3: SPI Flash Size : 2MB[0m
[0;32mI (47) boot: Enabling RNG early entropy source...[0m
[0;32mI (52) boot: Partition Table:[0m
[0;32mI (54) boot: ## Label            Usage          Type ST Offset   Length[0m
[0;32mI (61) boot:  0 nvs              WiFi data        01 02 00009000 00006000[0m
[0;32mI (67) boot:  1 phy_init         RF data          01 01 0000f000 00001000[0m
[0;32mI (74) boot:  2 factory          factory app      00 00 00010000 00100000[0m
[0;32mI (80) boot: End of partition table[0m
[0;32mI (83) esp_image: segment 0: paddr=00010020 vaddr=3c020020 size=0dae4h ( 56036) map[0m
[0;32mI (101) esp_image: segment 1: paddr=0001db0c vaddr=3fc95600 size=0250ch (  9484) load[0m
[0;32mI (103) esp_image: segment 2: paddr=00020020 vaddr=42000020 size=1e684h (124548) map[0m
[0;32mI (128) esp_image: segment 3: paddr=0003e6ac vaddr=3fc97b0c size=006dch (  1756) load[0m
[0;32mI (129) esp_image: segment 4: paddr=0003ed90 vaddr=40374000 size=11570h ( 71024) load[0m
[0;32mI (147) esp_image: segment 5: paddr=00050308 vaddr=50000000 size=00020h (    32) load[0m
[0;32mI (154) boot: Loaded app from partition at offset 0x10000[0m
[0;32mI (154) boot: Disabling RNG early entropy source...[0m
[0;32mI (165) cpu_start: Multicore app[0m
[0;32mI (173) cpu_start: GPIO 44 and 43 are used as console UART I/O pins[0m
[0;32mI (174) cpu_start: Pro cpu start user code[0m
[0;32mI (174) cpu_start: cpu freq: 160000000 Hz[0m
[0;32mI (176) app_init: Application information:[0m
[0;32mI (179) app_init: Project name:     lora_rx_print[0m
[0;32mI (184) app_init: App version:      1[0m
[0;32mI (187) app_init: Compile time:     Mar  3 2026 16:30:25[0m
[0;32mI (192) app_init: ELF file SHA256:  10360bab0...[0m
[0;32mI (197) app_init: ESP-IDF:          v5.5.2[0m
[0;32mI (200) efuse_init: Min chip rev:     v0.0[0m
[0;32mI (204) efuse_init: Max chip rev:     v0.99 [0m
[0;32mI (208) efuse_init: Chip rev:         v0.2[0m
[0;32mI (212) heap_init: Initializing. RAM available for dynamic allocation:[0m
[0;32mI (218) heap_init: At 3FC98B28 len 00050BE8 (322 KiB): RAM[0m
[0;32mI (224) heap_init: At 3FCE9710 len 00005724 (21 KiB): RAM[0m
[0;32mI (229) heap_init: At 3FCF0000 len 00008000 (32 KiB): DRAM[0m
[0;32mI (234) heap_init: At 600FE000 len 00001FE8 (7 KiB): RTCRAM[0m
[0;32mI (240) spi_flash: detected chip: gd