Command: C:\Espressif\python_env\idf5.5_py3.11_env\Scripts\python.exe C:\Espressif\frameworks\esp-idf-v5.5.2\tools/idf_monitor.py -p COM4 -b 115200 --toolchain-prefix xtensa-esp32s3-elf- --target esp32s3 --revision 0 C:\Users\jakep\Documents\ESP32\robot_gateway\build\lora_rx_print.elf C:\Users\jakep\Documents\ESP32\robot_gateway\build\bootloader\bootloader.elf --force-color -m 'C:\Espressif\python_env\idf5.5_py3.11_env\Scripts\python.exe' 'C:\Espressif\frameworks\esp-idf-v5.5.2\tools\idf.py' '-p' 'COM4'
� efuse block revi�ESP-ROM:esp32s3-20210327
Build:Mar 27 2021
rst:0x1 (POWERON),boot:0x28 (SPI_FAST_FLASH_BOOT)
SPIWP:0xee
mode:DIO, clock div:1
load:0x3fce2820,len:0x158c
load:0x403c8700,len:0xd24
load:0x403cb700,len:0x2f34
entry 0x403c8924
[0;32mI (24) boot: ESP-IDF v5.5.2 2nd stage bootloader[0m
[0;32mI (25) boot: compile time Mar  3 2026 16:39:48[0m
[0;32mI (25) boot: Multicore bootloader[0m
[0;32mI (25) boot: chip revision: v0.2[0m
[0;32mI (28) boot: efuse block revision: v1.3[0m
[0;32mI (31) boot.esp32s3: Boot SPI Speed : 80MHz[0m
[0;32mI (35) boot.esp32s3: SPI Mode       : DIO[0m
[0;32mI (39) boot.esp32s3: SPI Flash Size : 2MB[0m
[0;32mI (43) boot: Enabling RNG early entropy source...[0m
[0;32mI (47) boot: Partition Table:[0m
[0;32mI (50) boot: ## Label            Usage          Type ST Offset   Length[0m
[0;32mI (56) boot:  0 nvs              WiFi data        01 02 00009000 00006000[0m
[0;32mI (63) boot:  1 phy_init         RF data          01 01 0000f000 00001000[0m
[0;32mI (69) boot:  2 factory          factory app      00 00 00010000 00100000[0m
[0;32mI (76) boot: End of partition table[0m
[0;32mI (79) esp_image: segment 0: paddr=00010020 vaddr=3c020020 size=0dae4h ( 56036) map[0m
[0;32mI (96) esp_image: segment 1: paddr=0001db0c vaddr=3fc95600 size=0250ch (  9484) load[0m
[0;32mI (99) esp_image: segment 2: paddr=00020020 vaddr=42000020 size=1e684h (124548) map[0m
[0;32mI (123) esp_image: segment 3: paddr=0003e6ac vaddr=3fc97b0c size=006dch (  1756) load[0m
[0;32mI (124) esp_image: segment 4: paddr=0003ed90 vaddr=40374000 size=11570h ( 71024) load[0m
[0;32mI (142) esp_image: segment 5: paddr=00050308 vaddr=50000000 size=00020h (    32) load[0m
[0;32mI (149) boot: Loaded app from partition at offset 0x10000[0m
[0;32mI (150) boot: Disabling RNG early entropy source...[0m
[0;32mI (160) cpu_start: Multicore app[0m
[0;32mI (169) cpu_start: GPIO 44 and 43 are used as console UART I/O pins[0m
[0;32mI (169) cpu_start: Pro cpu start user code[0m
[0;32mI (169) cpu_start: cpu freq: 160000000 Hz[0m
[0;32mI (171) app_init: Application information:[0m
[0;32mI (175) app_init: Project name:     lora_rx_print[0m
[0;32mI (179) app_init: App version:      1[0m
[0;32mI (183) app_init: Compile time:     Mar  3 2026 16:30:25[0m
[0;32mI (188) app_init: ELF file SHA256:  dd4f53a51...[0m
[0;32mI (192) app_init: ESP-IDF:          v5.5.2[0m
[0;32mI (196) efuse_init: Min chip rev:     v0.0[0m
[0;32mI (200) efuse_init: Max chip rev:     v0.99 [0m
[0;32mI (204) efuse_init: Chip rev:         v0.2[0m
[0;32mI (207) heap_init: Initializing. RAM available for dynamic allocation:[0m
[0;32mI (214) heap_init: At 3FC98B28 len 00050BE8 (322 KiB): RAM[0m
[0;32mI (219) heap_init: At 3FCE9710 len 00005724 (21 KiB): RAM[0m
[0;32mI (224) heap_init: At 3FCF0000 len 00008000 (32 KiB): DRAM[0m
[0;32mI (229) heap_init: At 600FE000 len 00001FE8 (7 KiB): RTCRAM[0m
[0;32mI (235) spi_flash: detected chip: gd[0m
[0;32mI (238) spi_flash: flash io: dio[0m
[0;33mW (241) spi_flash: Detected size(8192k) larger than the size in the binary image header(2048k). Using the size in the binary image header.[0m
[0;32mI (253) sleep_gpio: Configure to isolate all GPIO pins in sleep state[0m
[0;32mI (259) sleep_gpio: Enable automatic switching of GPIO sleep configuration[0m
[0;32mI (266) main_task: Started on CPU0[0m
[0;32mI (286) main_task: Calling app_main()[0m
[0;32mI (286) ROBOT_GW: UART ready: UART1 TX=3 RX=4 @ 115200[0m
[0;32mI (286) ROBOT_GW: LoRaInit...[0m
[0;32mI (286) RA01S: CONFIG_MISO_GPIO=11[0m
[0;32mI (286) RA01S: CONFIG_MOSI_GPIO=10[0m
[0;32mI (296) RA01S: CONFIG_SCLK_GPIO=9[0m
[0;32mI (296) RA01S: CONFIG_NSS_GPIO=8[0m
[0;32mI (296) RA01S: CONFIG_RST_GPIO=12[0m
[0;32mI (306) RA01S: CONFIG_BUSY_GPIO=13[0m
[0;32mI (306) RA01S: CONFIG_TXEN_GPIO=-1[0m
[0;32mI (306) RA01S: CONFIG_RXEN_GPIO=-1[0m
[0;32mI (316) RA01S: spi_bus_initialize=0[0m
[0;32mI (316) RA01S: spi_bus_add_device=0[0m
[0;32mI (356) RA01S: syncWord=0x1424[0m
[0;32mI (356) RA01S: SX126x installed[0m
[0;33mW (356) RA01S: WriteCommand2 status=0a retry=1[0m
[0;32mI (356) RA01S: tcxoVoltage=3.300000[0m
[0;32mI (376) RA01S: useRegulatorLDO=1[0m
[0;32mI (396) RA01S: SetStopRxTimerOnPreambleDetect enable=0[0m
[0;32mI (436) ROBOT_GW: LoRa ready @ 915000000 Hz[0m
[0;32mI (436) ROBOT_GW: Robot gateway running: LoRa <-> UART bridge active[0m
[0;32mI (436) main_task: Returned from app_main()[0m
[0;32mI (139776) ROBOT_GW: LoRa RX (4): stop[0m
[0;32mI (139776) ROBOT_GW: UART TX -> STM32: CMD:stop[0m

